current directory: /Users/vignesh.murugesan/prompt-validator-project/vendor/bundle/ruby/3.2.0/gems/bootsnap-1.24.5/ext/bootsnap
/Users/vignesh.murugesan/.rbenv/versions/3.2.2/bin/ruby extconf.rb
checking for fdatasync() in unistd.h... yes
checking for fstatat() in sys/stat.h... yes
checking for whether -D_GNU_SOURCE is accepted as CPPFLAGS... no
checking for whether -O3 is accepted as CFLAGS... no
checking for whether -std=c99 is accepted as CFLAGS... no
creating Makefile

current directory: /Users/vignesh.murugesan/prompt-validator-project/vendor/bundle/ruby/3.2.0/gems/bootsnap-1.24.5/ext/bootsnap
make DESTDIR\= sitearchdir\=./.gem.20260527-41679-z3rtuj sitelibdir\=./.gem.20260527-41679-z3rtuj clean

current directory: /Users/vignesh.murugesan/prompt-validator-project/vendor/bundle/ruby/3.2.0/gems/bootsnap-1.24.5/ext/bootsnap
make DESTDIR\= sitearchdir\=./.gem.20260527-41679-z3rtuj sitelibdir\=./.gem.20260527-41679-z3rtuj
compiling bootsnap.c
In file included from bootsnap.c:14:
In file included from /Users/vignesh.murugesan/.rbenv/versions/3.2.2/include/ruby-3.2.0/ruby.h:38:
In file included from /Users/vignesh.murugesan/.rbenv/versions/3.2.2/include/ruby-3.2.0/ruby/ruby.h:28:
In file included from /Users/vignesh.murugesan/.rbenv/versions/3.2.2/include/ruby-3.2.0/ruby/internal/arithmetic.h:24:
In file included from /Users/vignesh.murugesan/.rbenv/versions/3.2.2/include/ruby-3.2.0/ruby/internal/arithmetic/char.h:29:
/Users/vignesh.murugesan/.rbenv/versions/3.2.2/include/ruby-3.2.0/ruby/internal/core/rstring.h:465:24: warning: default initialization of an object of type 'struct RString' with const member leaves the object uninitialized [-Wdefault-const-init-field-unsafe]
  465 |         struct RString retval;
      |                        ^
/Users/vignesh.murugesan/.rbenv/versions/3.2.2/include/ruby-3.2.0/ruby/internal/core/rbasic.h:88:17: note: member 'klass' declared 'const' here
   88 |     const VALUE klass;
      |                 ^
1 warning generated.
linking shared-object bootsnap/bootsnap.bundle
ld: warning: ignoring duplicate libraries: '-lruby.3.2'

current directory: /Users/vignesh.murugesan/prompt-validator-project/vendor/bundle/ruby/3.2.0/gems/bootsnap-1.24.5/ext/bootsnap
make DESTDIR\= sitearchdir\=./.gem.20260527-41679-z3rtuj sitelibdir\=./.gem.20260527-41679-z3rtuj install
/usr/bin/install -c -m 0755 bootsnap.bundle ./.gem.20260527-41679-z3rtuj/bootsnap

current directory: /Users/vignesh.murugesan/prompt-validator-project/vendor/bundle/ruby/3.2.0/gems/bootsnap-1.24.5/ext/bootsnap
make DESTDIR\= sitearchdir\=./.gem.20260527-41679-z3rtuj sitelibdir\=./.gem.20260527-41679-z3rtuj clean
