current directory: /Users/vignesh.murugesan/prompt-validator-project/vendor/bundle/ruby/3.2.0/gems/erb-6.0.4/ext/erb/escape
/Users/vignesh.murugesan/.rbenv/versions/3.2.2/bin/ruby extconf.rb
checking for rb_ext_ractor_safe() in ruby.h... yes
creating Makefile

current directory: /Users/vignesh.murugesan/prompt-validator-project/vendor/bundle/ruby/3.2.0/gems/erb-6.0.4/ext/erb/escape
make DESTDIR\= sitearchdir\=./.gem.20260527-41679-t7h77y sitelibdir\=./.gem.20260527-41679-t7h77y clean

current directory: /Users/vignesh.murugesan/prompt-validator-project/vendor/bundle/ruby/3.2.0/gems/erb-6.0.4/ext/erb/escape
make DESTDIR\= sitearchdir\=./.gem.20260527-41679-t7h77y sitelibdir\=./.gem.20260527-41679-t7h77y
compiling escape.c
In file included from escape.c:1:
In file included from /Users/vignesh.murugesan/.rbenv/versions/3.2.2/include/ruby-3.2.0/ruby.h:38:
In file included from /Users/vignesh.murugesan/.rbenv/versions/3.2.2/include/ruby-3.2.0/ruby/ruby.h:28:
In file included from /Users/vignesh.murugesan/.rbenv/versions/3.2.2/include/ruby-3.2.0/ruby/internal/arithmetic.h:24:
In file included from /Users/vignesh.murugesan/.rbenv/versions/3.2.2/include/ruby-3.2.0/ruby/internal/arithmetic/char.h:29:
/Users/vignesh.murugesan/.rbenv/versions/3.2.2/include/ruby-3.2.0/ruby/internal/core/rstring.h:465:24: warning: default initialization of an object of type 'struct RString' with const member leaves the object uninitialized [-Wdefault-const-init-field-unsafe]
  465 |         struct RString retval;
      |                        ^
/Users/vignesh.murugesan/.rbenv/versions/3.2.2/include/ruby-3.2.0/ruby/internal/core/rbasic.h:88:17: note: member 'klass' declared 'const' here
   88 |     const VALUE klass;
      |                 ^
1 warning generated.
linking shared-object erb/escape.bundle
ld: warning: ignoring duplicate libraries: '-lruby.3.2'

current directory: /Users/vignesh.murugesan/prompt-validator-project/vendor/bundle/ruby/3.2.0/gems/erb-6.0.4/ext/erb/escape
make DESTDIR\= sitearchdir\=./.gem.20260527-41679-t7h77y sitelibdir\=./.gem.20260527-41679-t7h77y install
/usr/bin/install -c -m 0755 escape.bundle ./.gem.20260527-41679-t7h77y/erb

current directory: /Users/vignesh.murugesan/prompt-validator-project/vendor/bundle/ruby/3.2.0/gems/erb-6.0.4/ext/erb/escape
make DESTDIR\= sitearchdir\=./.gem.20260527-41679-t7h77y sitelibdir\=./.gem.20260527-41679-t7h77y clean
